Archive member included because of file (symbol)

e:/imt/sdk/imt_sdk_win_64/winavr/bin/../lib/gcc/avr/4.3.3/avr5\libgcc.a(_udivmodqi4.o)
                              ./UserTasks.o (__udivmodqi4)
e:/imt/sdk/imt_sdk_win_64/winavr/bin/../lib/gcc/avr/4.3.3/avr5\libgcc.a(_exit.o)
                              e:/imt/sdk/imt_sdk_win_64/winavr/bin/../lib/gcc/avr/4.3.3/../../../../avr/lib/avr5/crtm32.o (exit)
e:/imt/sdk/imt_sdk_win_64/winavr/bin/../lib/gcc/avr/4.3.3/avr5\libgcc.a(_copy_data.o)
                              ./UserTasks.o (__do_copy_data)
e:/imt/sdk/imt_sdk_win_64/winavr/bin/../lib/gcc/avr/4.3.3/avr5\libgcc.a(_clear_bss.o)
                              ./UserTasks.o (__do_clear_bss)
e:/imt/sdk/imt_sdk_win_64/winavr/bin/../lib/gcc/avr/4.3.3/../../../../avr/lib/avr5\libc.a(memcpy.o)
                              ./queue.o (memcpy)
e:/imt/sdk/imt_sdk_win_64/winavr/bin/../lib/gcc/avr/4.3.3/../../../../avr/lib/avr5\libc.a(memset.o)
                              ./stream_buffer.o (memset)

Allocating common symbols
Common symbol       size              file

FirstButtonPressed  0x2               ./UserTasks.o

Memory Configuration

Name             Origin             Length             Attributes
text             0x00000000         0x00020000         xr
data             0x00800060         0x0000ffa0         rw !x
eeprom           0x00810000         0x00010000         rw !x
fuse             0x00820000         0x00000400         rw !x
lock             0x00830000         0x00000400         rw !x
signature        0x00840000         0x00000400         rw !x
*default*        0x00000000         0xffffffff

Linker script and memory map

LOAD e:/imt/sdk/imt_sdk_win_64/winavr/bin/../lib/gcc/avr/4.3.3/../../../../avr/lib/avr5/crtm32.o
LOAD ./DIO.o
LOAD ./PushButton.o
LOAD ./UserTasks.o
LOAD ./croutine.o
LOAD ./event_groups.o
LOAD ./heap_1.o
LOAD ./lcd.o
LOAD ./list.o
LOAD ./main.o
LOAD ./port.o
LOAD ./queue.o
LOAD ./stream_buffer.o
LOAD ./tasks.o
LOAD ./timers.o
LOAD e:/imt/sdk/imt_sdk_win_64/winavr/bin/../lib/gcc/avr/4.3.3/avr5\libgcc.a
LOAD e:/imt/sdk/imt_sdk_win_64/winavr/bin/../lib/gcc/avr/4.3.3/../../../../avr/lib/avr5\libc.a
LOAD e:/imt/sdk/imt_sdk_win_64/winavr/bin/../lib/gcc/avr/4.3.3/avr5\libgcc.a

.hash
 *(.hash)

.dynsym
 *(.dynsym)

.dynstr
 *(.dynstr)

.gnu.version
 *(.gnu.version)

.gnu.version_d
 *(.gnu.version_d)

.gnu.version_r
 *(.gnu.version_r)

.rel.init
 *(.rel.init)

.rela.init
 *(.rela.init)

.rel.text
 *(.rel.text)
 *(.rel.text.*)
 *(.rel.gnu.linkonce.t*)

.rela.text
 *(.rela.text)
 *(.rela.text.*)
 *(.rela.gnu.linkonce.t*)

.rel.fini
 *(.rel.fini)

.rela.fini
 *(.rela.fini)

.rel.rodata
 *(.rel.rodata)
 *(.rel.rodata.*)
 *(.rel.gnu.linkonce.r*)

.rela.rodata
 *(.rela.rodata)
 *(.rela.rodata.*)
 *(.rela.gnu.linkonce.r*)

.rel.data
 *(.rel.data)
 *(.rel.data.*)
 *(.rel.gnu.linkonce.d*)

.rela.data
 *(.rela.data)
 *(.rela.data.*)
 *(.rela.gnu.linkonce.d*)

.rel.ctors
 *(.rel.ctors)

.rela.ctors
 *(.rela.ctors)

.rel.dtors
 *(.rel.dtors)

.rela.dtors
 *(.rela.dtors)

.rel.got
 *(.rel.got)

.rela.got
 *(.rela.got)

.rel.bss
 *(.rel.bss)

.rela.bss
 *(.rela.bss)

.rel.plt
 *(.rel.plt)

.rela.plt
 *(.rela.plt)

.text           0x00000000     0x5a5e
 *(.vectors)
 .vectors       0x00000000       0x54 e:/imt/sdk/imt_sdk_win_64/winavr/bin/../lib/gcc/avr/4.3.3/../../../../avr/lib/avr5/crtm32.o
                0x00000000                __vectors
                0x00000000                __vector_default
 *(.vectors)
 *(.progmem.gcc*)
 *(.progmem*)
                0x00000054                . = ALIGN (0x2)
                0x00000054                __trampolines_start = .
 *(.trampolines)
 .trampolines   0x00000054        0x0 linker stubs
 *(.trampolines*)
                0x00000054                __trampolines_end = .
 *(.jumptables)
 *(.jumptables*)
 *(.lowtext)
 *(.lowtext*)
                0x00000054                __ctors_start = .
 *(.ctors)
                0x00000054                __ctors_end = .
                0x00000054                __dtors_start = .
 *(.dtors)
                0x00000054                __dtors_end = .
 SORT(*)(.ctors)
 SORT(*)(.dtors)
 *(.init0)
 .init0         0x00000054        0x0 e:/imt/sdk/imt_sdk_win_64/winavr/bin/../lib/gcc/avr/4.3.3/../../../../avr/lib/avr5/crtm32.o
                0x00000054                __init
 *(.init0)
 *(.init1)
 *(.init1)
 *(.init2)
 .init2         0x00000054        0xc e:/imt/sdk/imt_sdk_win_64/winavr/bin/../lib/gcc/avr/4.3.3/../../../../avr/lib/avr5/crtm32.o
 *(.init2)
 *(.init3)
 *(.init3)
 *(.init4)
 .init4         0x00000060       0x16 e:/imt/sdk/imt_sdk_win_64/winavr/bin/../lib/gcc/avr/4.3.3/avr5\libgcc.a(_copy_data.o)
                0x00000060                __do_copy_data
 .init4         0x00000076       0x10 e:/imt/sdk/imt_sdk_win_64/winavr/bin/../lib/gcc/avr/4.3.3/avr5\libgcc.a(_clear_bss.o)
                0x00000076                __do_clear_bss
 *(.init4)
 *(.init5)
 *(.init5)
 *(.init6)
 *(.init6)
 *(.init7)
 *(.init7)
 *(.init8)
 *(.init8)
 *(.init9)
 .init9         0x00000086        0x8 e:/imt/sdk/imt_sdk_win_64/winavr/bin/../lib/gcc/avr/4.3.3/../../../../avr/lib/avr5/crtm32.o
 *(.init9)
 *(.text)
 .text          0x0000008e        0x4 e:/imt/sdk/imt_sdk_win_64/winavr/bin/../lib/gcc/avr/4.3.3/../../../../avr/lib/avr5/crtm32.o
                0x0000008e                __vector_1
                0x0000008e                __vector_12
                0x0000008e                __bad_interrupt
                0x0000008e                __vector_6
                0x0000008e                __vector_3
                0x0000008e                __vector_11
                0x0000008e                __vector_13
                0x0000008e                __vector_17
                0x0000008e                __vector_19
                0x0000008e                __vector_5
                0x0000008e                __vector_4
                0x0000008e                __vector_9
                0x0000008e                __vector_2
                0x0000008e                __vector_15
                0x0000008e                __vector_8
                0x0000008e                __vector_14
                0x0000008e                __vector_10
                0x0000008e                __vector_16
                0x0000008e                __vector_18
                0x0000008e                __vector_20
 .text          0x00000092        0x0 ./DIO.o
 .text          0x00000092        0x0 ./PushButton.o
 .text          0x00000092        0x0 ./UserTasks.o
 .text          0x00000092        0x0 ./croutine.o
 .text          0x00000092        0x0 ./event_groups.o
 .text          0x00000092        0x0 ./heap_1.o
 .text          0x00000092        0x0 ./lcd.o
 .text          0x00000092        0x0 ./list.o
 .text          0x00000092        0x0 ./main.o
 .text          0x00000092        0x0 ./port.o
 .text          0x00000092        0x0 ./queue.o
 .text          0x00000092        0x0 ./stream_buffer.o
 .text          0x00000092        0x0 ./tasks.o
 .text          0x00000092        0x0 ./timers.o
 .text          0x00000092        0x0 e:/imt/sdk/imt_sdk_win_64/winavr/bin/../lib/gcc/avr/4.3.3/avr5\libgcc.a(_udivmodqi4.o)
 .text          0x00000092        0x0 e:/imt/sdk/imt_sdk_win_64/winavr/bin/../lib/gcc/avr/4.3.3/avr5\libgcc.a(_exit.o)
 .text          0x00000092        0x0 e:/imt/sdk/imt_sdk_win_64/winavr/bin/../lib/gcc/avr/4.3.3/avr5\libgcc.a(_copy_data.o)
 .text          0x00000092        0x0 e:/imt/sdk/imt_sdk_win_64/winavr/bin/../lib/gcc/avr/4.3.3/avr5\libgcc.a(_clear_bss.o)
 .text          0x00000092        0x0 e:/imt/sdk/imt_sdk_win_64/winavr/bin/../lib/gcc/avr/4.3.3/../../../../avr/lib/avr5\libc.a(memcpy.o)
 .text          0x00000092        0x0 e:/imt/sdk/imt_sdk_win_64/winavr/bin/../lib/gcc/avr/4.3.3/../../../../avr/lib/avr5\libc.a(memset.o)
                0x00000092                . = ALIGN (0x2)
 *(.text.*)
 .text.DIO_WritePin
                0x00000092      0x1de ./DIO.o
                0x00000092                DIO_WritePin
 .text.DIO_ReadPin
                0x00000270       0xe4 ./DIO.o
                0x00000270                DIO_ReadPin
 .text.DIO_SetPinDirection
                0x00000354      0x1de ./DIO.o
                0x00000354                DIO_SetPinDirection
 .text.PushButton_Init
                0x00000532       0x1e ./PushButton.o
                0x00000532                PushButton_Init
 .text.Buttons_getPressedButton
                0x00000550       0x36 ./PushButton.o
                0x00000550                Buttons_getPressedButton
 .text.init_Task
                0x00000586       0xd4 ./UserTasks.o
                0x00000586                init_Task
 .text.All_Hardware_Init_Task
                0x0000065a       0x2c ./UserTasks.o
                0x0000065a                All_Hardware_Init_Task
 .text.PushButtonA_Task
                0x00000686      0x10e ./UserTasks.o
                0x00000686                PushButtonA_Task
 .text.PushButtonB_Task
                0x00000794      0x10e ./UserTasks.o
                0x00000794                PushButtonB_Task
 .text.LCD_Task
                0x000008a2      0x1d0 ./UserTasks.o
                0x000008a2                LCD_Task
 .text.LED_Task
                0x00000a72       0x54 ./UserTasks.o
                0x00000a72                LED_Task
 .text.xEventGroupCreate
                0x00000ac6       0x3e ./event_groups.o
                0x00000ac6                xEventGroupCreate
 .text.xEventGroupSync
                0x00000b04      0x172 ./event_groups.o
                0x00000b04                xEventGroupSync
 .text.xEventGroupWaitBits
                0x00000c76      0x18c ./event_groups.o
                0x00000c76                xEventGroupWaitBits
 .text.xEventGroupClearBits
                0x00000e02       0x6c ./event_groups.o
                0x00000e02                xEventGroupClearBits
 .text.xEventGroupGetBitsFromISR
                0x00000e6e       0x44 ./event_groups.o
                0x00000e6e                xEventGroupGetBitsFromISR
 .text.xEventGroupSetBits
                0x00000eb2      0x164 ./event_groups.o
                0x00000eb2                xEventGroupSetBits
 .text.vEventGroupDelete
                0x00001016       0x62 ./event_groups.o
                0x00001016                vEventGroupDelete
 .text.vEventGroupSetBitsCallback
                0x00001078       0x3a ./event_groups.o
                0x00001078                vEventGroupSetBitsCallback
 .text.vEventGroupClearBitsCallback
                0x000010b2       0x3a ./event_groups.o
                0x000010b2                vEventGroupClearBitsCallback
 .text.prvTestWaitCondition
                0x000010ec       0x64 ./event_groups.o
 .text.pvPortMalloc
                0x00001150       0xac ./heap_1.o
                0x00001150                pvPortMalloc
 .text.vPortFree
                0x000011fc       0x18 ./heap_1.o
                0x000011fc                vPortFree
 .text.vPortInitialiseBlocks
                0x00001214       0x16 ./heap_1.o
                0x00001214                vPortInitialiseBlocks
 .text.xPortGetFreeHeapSize
                0x0000122a       0x1e ./heap_1.o
                0x0000122a                xPortGetFreeHeapSize
 .text.LCD_init
                0x00001248       0x42 ./lcd.o
                0x00001248                LCD_init
 .text.LCD_sendCommand
                0x0000128a       0xda ./lcd.o
                0x0000128a                LCD_sendCommand
 .text.LCD_displayCharacter
                0x00001364       0xda ./lcd.o
                0x00001364                LCD_displayCharacter
 .text.LCD_displayString
                0x0000143e       0x52 ./lcd.o
                0x0000143e                LCD_displayString
 .text.LCD_goToRowColumn
                0x00001490       0x84 ./lcd.o
                0x00001490                LCD_goToRowColumn
 .text.LCD_displayStringRowColumn
                0x00001514       0x32 ./lcd.o
                0x00001514                LCD_displayStringRowColumn
 .text.LCD_clearScreen
                0x00001546       0x14 ./lcd.o
                0x00001546                LCD_clearScreen
 .text.vListInitialise
                0x0000155a       0x54 ./list.o
                0x0000155a                vListInitialise
 .text.vListInitialiseItem
                0x000015ae       0x20 ./list.o
                0x000015ae                vListInitialiseItem
 .text.vListInsertEnd
                0x000015ce       0x88 ./list.o
                0x000015ce                vListInsertEnd
 .text.vListInsert
                0x00001656       0xd8 ./list.o
                0x00001656                vListInsert
 .text.uxListRemove
                0x0000172e       0x98 ./list.o
                0x0000172e                uxListRemove
 .text.main     0x000017c6       0x3a ./main.o
                0x000017c6                main
 .text.pxPortInitialiseStack
                0x00001800      0x306 ./port.o
                0x00001800                pxPortInitialiseStack
 .text.xPortStartScheduler
                0x00001b06       0x6a ./port.o
                0x00001b06                xPortStartScheduler
 .text.vPortEndScheduler
                0x00001b70        0xe ./port.o
                0x00001b70                vPortEndScheduler
 .text.vPortYield
                0x00001b7e       0xb2 ./port.o
                0x00001b7e                vPortYield
 .text.vPortYieldFromTick
                0x00001c30       0xba ./port.o
                0x00001c30                vPortYieldFromTick
 .text.prvSetupTimerInterrupt
                0x00001cea       0xb8 ./port.o
 .text.__vector_7
                0x00001da2        0x6 ./port.o
                0x00001da2                __vector_7
 .text.xQueueGenericReset
                0x00001da8      0x10c ./queue.o
                0x00001da8                xQueueGenericReset
 .text.xQueueGenericCreate
                0x00001eb4       0xa2 ./queue.o
                0x00001eb4                xQueueGenericCreate
 .text.prvInitialiseNewQueue
                0x00001f56       0x76 ./queue.o
 .text.prvInitialiseMutex
                0x00001fcc       0x48 ./queue.o
 .text.xQueueCreateMutex
                0x00002014       0x40 ./queue.o
                0x00002014                xQueueCreateMutex
 .text.xQueueGenericSend
                0x00002054      0x158 ./queue.o
                0x00002054                xQueueGenericSend
 .text.xQueueGenericSendFromISR
                0x000021ac       0xb0 ./queue.o
                0x000021ac                xQueueGenericSendFromISR
 .text.xQueueGiveFromISR
                0x0000225c       0xa2 ./queue.o
                0x0000225c                xQueueGiveFromISR
 .text.xQueueReceive
                0x000022fe      0x156 ./queue.o
                0x000022fe                xQueueReceive
 .text.xQueueSemaphoreTake
                0x00002454      0x1aa ./queue.o
                0x00002454                xQueueSemaphoreTake
 .text.xQueuePeek
                0x000025fe      0x164 ./queue.o
                0x000025fe                xQueuePeek
 .text.xQueueReceiveFromISR
                0x00002762       0xae ./queue.o
                0x00002762                xQueueReceiveFromISR
 .text.xQueuePeekFromISR
                0x00002810       0x72 ./queue.o
                0x00002810                xQueuePeekFromISR
 .text.uxQueueMessagesWaiting
                0x00002882       0x30 ./queue.o
                0x00002882                uxQueueMessagesWaiting
 .text.uxQueueSpacesAvailable
                0x000028b2       0x4a ./queue.o
                0x000028b2                uxQueueSpacesAvailable
 .text.uxQueueMessagesWaitingFromISR
                0x000028fc       0x34 ./queue.o
                0x000028fc                uxQueueMessagesWaitingFromISR
 .text.vQueueDelete
                0x00002930       0x2e ./queue.o
                0x00002930                vQueueDelete
 .text.prvGetDisinheritPriorityAfterTimeout
                0x0000295e       0x42 ./queue.o
 .text.prvCopyDataToQueue
                0x000029a0      0x170 ./queue.o
 .text.prvCopyDataFromQueue
                0x00002b10       0x8e ./queue.o
 .text.prvUnlockQueue
                0x00002b9e       0xa6 ./queue.o
 .text.prvIsQueueEmpty
                0x00002c44       0x3a ./queue.o
 .text.xQueueIsQueueEmptyFromISR
                0x00002c7e       0x3e ./queue.o
                0x00002c7e                xQueueIsQueueEmptyFromISR
 .text.prvIsQueueFull
                0x00002cbc       0x40 ./queue.o
 .text.xQueueIsQueueFullFromISR
                0x00002cfc       0x44 ./queue.o
                0x00002cfc                xQueueIsQueueFullFromISR
 .text.xStreamBufferGenericCreate
                0x00002d40       0x98 ./stream_buffer.o
                0x00002d40                xStreamBufferGenericCreate
 .text.vStreamBufferDelete
                0x00002dd8       0x52 ./stream_buffer.o
                0x00002dd8                vStreamBufferDelete
 .text.xStreamBufferReset
                0x00002e2a       0x84 ./stream_buffer.o
                0x00002e2a                xStreamBufferReset
 .text.xStreamBufferSetTriggerLevel
                0x00002eae       0x6e ./stream_buffer.o
                0x00002eae                xStreamBufferSetTriggerLevel
 .text.xStreamBufferSpacesAvailable
                0x00002f1c       0x8c ./stream_buffer.o
                0x00002f1c                xStreamBufferSpacesAvailable
 .text.xStreamBufferBytesAvailable
                0x00002fa8       0x3c ./stream_buffer.o
                0x00002fa8                xStreamBufferBytesAvailable
 .text.xStreamBufferSend
                0x00002fe4      0x190 ./stream_buffer.o
                0x00002fe4                xStreamBufferSend
 .text.xStreamBufferSendFromISR
                0x00003174       0xfa ./stream_buffer.o
                0x00003174                xStreamBufferSendFromISR
 .text.prvWriteMessageToBuffer
                0x0000326e       0xe4 ./stream_buffer.o
 .text.xStreamBufferReceive
                0x00003352      0x174 ./stream_buffer.o
                0x00003352                xStreamBufferReceive
 .text.xStreamBufferNextMessageLengthBytes
                0x000034c6       0xa4 ./stream_buffer.o
                0x000034c6                xStreamBufferNextMessageLengthBytes
 .text.xStreamBufferReceiveFromISR
                0x0000356a       0xf0 ./stream_buffer.o
                0x0000356a                xStreamBufferReceiveFromISR
 .text.prvReadMessageFromBuffer
                0x0000365a       0xd8 ./stream_buffer.o
 .text.xStreamBufferIsEmpty
                0x00003732       0x5a ./stream_buffer.o
                0x00003732                xStreamBufferIsEmpty
 .text.xStreamBufferIsFull
                0x0000378c       0x70 ./stream_buffer.o
                0x0000378c                xStreamBufferIsFull
 .text.xStreamBufferSendCompletedFromISR
                0x000037fc       0x86 ./stream_buffer.o
                0x000037fc                xStreamBufferSendCompletedFromISR
 .text.xStreamBufferReceiveCompletedFromISR
                0x00003882       0x86 ./stream_buffer.o
                0x00003882                xStreamBufferReceiveCompletedFromISR
 .text.prvWriteBytesToBuffer
                0x00003908      0x11a ./stream_buffer.o
 .text.prvReadBytesFromBuffer
                0x00003a22      0x15a ./stream_buffer.o
 .text.prvBytesInBuffer
                0x00003b7c       0x74 ./stream_buffer.o
 .text.prvInitialiseNewStreamBuffer
                0x00003bf0       0x78 ./stream_buffer.o
 .text.xTaskCreate
                0x00003c68       0xf0 ./tasks.o
                0x00003c68                xTaskCreate
 .text.prvInitialiseNewTask
                0x00003d58      0x186 ./tasks.o
 .text.prvAddNewTaskToReadyList
                0x00003ede       0xf0 ./tasks.o
 .text.vTaskDelete
                0x00003fce       0xe4 ./tasks.o
                0x00003fce                vTaskDelete
 .text.vTaskDelay
                0x000040b2       0x44 ./tasks.o
                0x000040b2                vTaskDelay
 .text.vTaskSuspend
                0x000040f6       0xe8 ./tasks.o
                0x000040f6                vTaskSuspend
 .text.prvTaskIsTaskSuspended
                0x000041de       0x5e ./tasks.o
 .text.vTaskResume
                0x0000423c       0xc8 ./tasks.o
                0x0000423c                vTaskResume
 .text.xTaskResumeFromISR
                0x00004304       0xcc ./tasks.o
                0x00004304                xTaskResumeFromISR
 .text.vTaskStartScheduler
                0x000043d0       0x64 ./tasks.o
                0x000043d0                vTaskStartScheduler
 .text.vTaskEndScheduler
                0x00004434       0x18 ./tasks.o
                0x00004434                vTaskEndScheduler
 .text.vTaskSuspendAll
                0x0000444c       0x18 ./tasks.o
                0x0000444c                vTaskSuspendAll
 .text.xTaskResumeAll
                0x00004464      0x126 ./tasks.o
                0x00004464                xTaskResumeAll
 .text.xTaskGetTickCount
                0x0000458a       0x2e ./tasks.o
                0x0000458a                xTaskGetTickCount
 .text.xTaskGetTickCountFromISR
                0x000045b8       0x2a ./tasks.o
                0x000045b8                xTaskGetTickCountFromISR
 .text.uxTaskGetNumberOfTasks
                0x000045e2       0x12 ./tasks.o
                0x000045e2                uxTaskGetNumberOfTasks
 .text.pcTaskGetName
                0x000045f4       0x50 ./tasks.o
                0x000045f4                pcTaskGetName
 .text.xTaskIncrementTick
                0x00004644      0x1ca ./tasks.o
                0x00004644                xTaskIncrementTick
 .text.vTaskSwitchContext
                0x0000480e       0xda ./tasks.o
                0x0000480e                vTaskSwitchContext
 .text.vTaskPlaceOnEventList
                0x000048e8       0x44 ./tasks.o
                0x000048e8                vTaskPlaceOnEventList
 .text.vTaskPlaceOnUnorderedEventList
                0x0000492c       0x60 ./tasks.o
                0x0000492c                vTaskPlaceOnUnorderedEventList
 .text.xTaskRemoveFromEventList
                0x0000498c       0xd6 ./tasks.o
                0x0000498c                xTaskRemoveFromEventList
 .text.vTaskRemoveFromUnorderedEventList
                0x00004a62       0xba ./tasks.o
                0x00004a62                vTaskRemoveFromUnorderedEventList
 .text.vTaskSetTimeOutState
                0x00004b1c       0x3c ./tasks.o
                0x00004b1c                vTaskSetTimeOutState
 .text.vTaskInternalSetTimeOutState
                0x00004b58       0x32 ./tasks.o
                0x00004b58                vTaskInternalSetTimeOutState
 .text.xTaskCheckForTimeOut
                0x00004b8a       0xda ./tasks.o
                0x00004b8a                xTaskCheckForTimeOut
 .text.vTaskMissedYield
                0x00004c64       0x14 ./tasks.o
                0x00004c64                vTaskMissedYield
 .text.prvIdleTask
                0x00004c78       0x14 ./tasks.o
 .text.prvInitialiseTaskLists
                0x00004c8c       0x82 ./tasks.o
 .text.prvCheckTasksWaitingTermination
                0x00004d0e       0x5e ./tasks.o
 .text.prvDeleteTCB
                0x00004d6c       0x2c ./tasks.o
 .text.prvResetNextTaskUnblockTime
                0x00004d98       0x56 ./tasks.o
 .text.xTaskGetCurrentTaskHandle
                0x00004dee       0x24 ./tasks.o
                0x00004dee                xTaskGetCurrentTaskHandle
 .text.xTaskPriorityInherit
                0x00004e12      0x13c ./tasks.o
                0x00004e12                xTaskPriorityInherit
 .text.xTaskPriorityDisinherit
                0x00004f4e       0xe4 ./tasks.o
                0x00004f4e                xTaskPriorityDisinherit
 .text.vTaskPriorityDisinheritAfterTimeout
                0x00005032      0x12a ./tasks.o
                0x00005032                vTaskPriorityDisinheritAfterTimeout
 .text.uxTaskResetEventItemValue
                0x0000515c       0x4e ./tasks.o
                0x0000515c                uxTaskResetEventItemValue
 .text.pvTaskIncrementMutexHeldCount
                0x000051aa       0x30 ./tasks.o
                0x000051aa                pvTaskIncrementMutexHeldCount
 .text.ulTaskNotifyTake
                0x000051da       0xee ./tasks.o
                0x000051da                ulTaskNotifyTake
 .text.xTaskNotifyWait
                0x000052c8      0x138 ./tasks.o
                0x000052c8                xTaskNotifyWait
 .text.xTaskGenericNotify
                0x00005400      0x1ba ./tasks.o
                0x00005400                xTaskGenericNotify
 .text.xTaskGenericNotifyFromISR
                0x000055ba      0x1f0 ./tasks.o
                0x000055ba                xTaskGenericNotifyFromISR
 .text.vTaskNotifyGiveFromISR
                0x000057aa      0x10c ./tasks.o
                0x000057aa                vTaskNotifyGiveFromISR
 .text.xTaskNotifyStateClear
                0x000058b6       0x74 ./tasks.o
                0x000058b6                xTaskNotifyStateClear
 .text.prvAddCurrentTaskToDelayedList
                0x0000592a       0xf8 ./tasks.o
 .text.libgcc   0x00005a22       0x18 e:/imt/sdk/imt_sdk_win_64/winavr/bin/../lib/gcc/avr/4.3.3/avr5\libgcc.a(_udivmodqi4.o)
                0x00005a22                __udivmodqi4
 .text.libgcc   0x00005a3a        0x0 e:/imt/sdk/imt_sdk_win_64/winavr/bin/../lib/gcc/avr/4.3.3/avr5\libgcc.a(_exit.o)
 .text.libgcc   0x00005a3a        0x0 e:/imt/sdk/imt_sdk_win_64/winavr/bin/../lib/gcc/avr/4.3.3/avr5\libgcc.a(_copy_data.o)
 .text.libgcc   0x00005a3a        0x0 e:/imt/sdk/imt_sdk_win_64/winavr/bin/../lib/gcc/avr/4.3.3/avr5\libgcc.a(_clear_bss.o)
 .text.avr-libc
                0x00005a3a       0x12 e:/imt/sdk/imt_sdk_win_64/winavr/bin/../lib/gcc/avr/4.3.3/../../../../avr/lib/avr5\libc.a(memcpy.o)
                0x00005a3a                memcpy
 .text.avr-libc
                0x00005a4c        0xe e:/imt/sdk/imt_sdk_win_64/winavr/bin/../lib/gcc/avr/4.3.3/../../../../avr/lib/avr5\libc.a(memset.o)
                0x00005a4c                memset
                0x00005a5a                . = ALIGN (0x2)
 *(.fini9)
 .fini9         0x00005a5a        0x0 e:/imt/sdk/imt_sdk_win_64/winavr/bin/../lib/gcc/avr/4.3.3/avr5\libgcc.a(_exit.o)
                0x00005a5a                exit
                0x00005a5a                _exit
 *(.fini9)
 *(.fini8)
 *(.fini8)
 *(.fini7)
 *(.fini7)
 *(.fini6)
 *(.fini6)
 *(.fini5)
 *(.fini5)
 *(.fini4)
 *(.fini4)
 *(.fini3)
 *(.fini3)
 *(.fini2)
 *(.fini2)
 *(.fini1)
 *(.fini1)
 *(.fini0)
 .fini0         0x00005a5a        0x4 e:/imt/sdk/imt_sdk_win_64/winavr/bin/../lib/gcc/avr/4.3.3/avr5\libgcc.a(_exit.o)
 *(.fini0)
                0x00005a5e                _etext = .

.data           0x00800060       0x86 load address 0x00005a5e
                0x00800060                PROVIDE (__data_start, .)
 *(.data)
 .data          0x00800060        0x0 e:/imt/sdk/imt_sdk_win_64/winavr/bin/../lib/gcc/avr/4.3.3/../../../../avr/lib/avr5/crtm32.o
 .data          0x00800060        0x0 ./DIO.o
 .data          0x00800060        0x0 ./PushButton.o
 .data          0x00800060       0x77 ./UserTasks.o
 .data          0x008000d7        0x0 ./croutine.o
 .data          0x008000d7        0x0 ./event_groups.o
 .data          0x008000d7        0x0 ./heap_1.o
 .data          0x008000d7        0x0 ./lcd.o
 .data          0x008000d7        0x0 ./list.o
 .data          0x008000d7        0xa ./main.o
 .data          0x008000e1        0x0 ./port.o
 .data          0x008000e1        0x0 ./queue.o
 .data          0x008000e1        0x0 ./stream_buffer.o
 .data          0x008000e1        0x5 ./tasks.o
 .data          0x008000e6        0x0 ./timers.o
 .data          0x008000e6        0x0 e:/imt/sdk/imt_sdk_win_64/winavr/bin/../lib/gcc/avr/4.3.3/avr5\libgcc.a(_udivmodqi4.o)
 .data          0x008000e6        0x0 e:/imt/sdk/imt_sdk_win_64/winavr/bin/../lib/gcc/avr/4.3.3/avr5\libgcc.a(_exit.o)
 .data          0x008000e6        0x0 e:/imt/sdk/imt_sdk_win_64/winavr/bin/../lib/gcc/avr/4.3.3/avr5\libgcc.a(_copy_data.o)
 .data          0x008000e6        0x0 e:/imt/sdk/imt_sdk_win_64/winavr/bin/../lib/gcc/avr/4.3.3/avr5\libgcc.a(_clear_bss.o)
 .data          0x008000e6        0x0 e:/imt/sdk/imt_sdk_win_64/winavr/bin/../lib/gcc/avr/4.3.3/../../../../avr/lib/avr5\libc.a(memcpy.o)
 .data          0x008000e6        0x0 e:/imt/sdk/imt_sdk_win_64/winavr/bin/../lib/gcc/avr/4.3.3/../../../../avr/lib/avr5\libc.a(memset.o)
 *(.data*)
 *(.rodata)
 *(.rodata*)
 *(.gnu.linkonce.d*)
                0x008000e6                . = ALIGN (0x2)
                0x008000e6                _edata = .
                0x008000e6                PROVIDE (__data_end, .)

.bss            0x008000e6      0x66b
                0x008000e6                PROVIDE (__bss_start, .)
 *(.bss)
 .bss           0x008000e6        0x0 e:/imt/sdk/imt_sdk_win_64/winavr/bin/../lib/gcc/avr/4.3.3/../../../../avr/lib/avr5/crtm32.o
 .bss           0x008000e6        0x0 ./DIO.o
 .bss           0x008000e6        0x0 ./PushButton.o
 .bss           0x008000e6        0x0 ./UserTasks.o
 .bss           0x008000e6        0x0 ./croutine.o
 .bss           0x008000e6        0x0 ./event_groups.o
 .bss           0x008000e6        0x0 ./heap_1.o
 .bss           0x008000e6        0x0 ./lcd.o
 .bss           0x008000e6        0x0 ./list.o
 .bss           0x008000e6        0x0 ./main.o
 .bss           0x008000e6        0x0 ./port.o
 .bss           0x008000e6        0x0 ./queue.o
 .bss           0x008000e6        0x0 ./stream_buffer.o
 .bss           0x008000e6        0x0 ./tasks.o
 .bss           0x008000e6        0x0 ./timers.o
 .bss           0x008000e6        0x0 e:/imt/sdk/imt_sdk_win_64/winavr/bin/../lib/gcc/avr/4.3.3/avr5\libgcc.a(_udivmodqi4.o)
 .bss           0x008000e6        0x0 e:/imt/sdk/imt_sdk_win_64/winavr/bin/../lib/gcc/avr/4.3.3/avr5\libgcc.a(_exit.o)
 .bss           0x008000e6        0x0 e:/imt/sdk/imt_sdk_win_64/winavr/bin/../lib/gcc/avr/4.3.3/avr5\libgcc.a(_copy_data.o)
 .bss           0x008000e6        0x0 e:/imt/sdk/imt_sdk_win_64/winavr/bin/../lib/gcc/avr/4.3.3/avr5\libgcc.a(_clear_bss.o)
 .bss           0x008000e6        0x0 e:/imt/sdk/imt_sdk_win_64/winavr/bin/../lib/gcc/avr/4.3.3/../../../../avr/lib/avr5\libc.a(memcpy.o)
 .bss           0x008000e6        0x0 e:/imt/sdk/imt_sdk_win_64/winavr/bin/../lib/gcc/avr/4.3.3/../../../../avr/lib/avr5\libc.a(memset.o)
 *(.bss*)
 .bss.AllHardwareInit_Flag
                0x008000e6        0x2 ./UserTasks.o
 .bss.InitTask_Flag
                0x008000e8        0x2 ./UserTasks.o
                0x008000e8                InitTask_Flag
 .bss.Queue_PushButton_A
                0x008000ea        0x2 ./UserTasks.o
 .bss.Queue_PushButton_B
                0x008000ec        0x2 ./UserTasks.o
 .bss.xNextFreeByte
                0x008000ee        0x2 ./heap_1.o
 .bss.pucAlignedHeap.1646
                0x008000f0        0x2 ./heap_1.o
 .bss.ucHeap    0x008000f2      0x5dc ./heap_1.o
 .bss.pxCurrentTCB
                0x008006ce        0x2 ./tasks.o
                0x008006ce                pxCurrentTCB
 .bss.uxDeletedTasksWaitingCleanUp
                0x008006d0        0x1 ./tasks.o
 .bss.uxCurrentNumberOfTasks
                0x008006d1        0x1 ./tasks.o
 .bss.xTickCount
                0x008006d2        0x2 ./tasks.o
 .bss.uxTopReadyPriority
                0x008006d4        0x1 ./tasks.o
 .bss.xSchedulerRunning
                0x008006d5        0x1 ./tasks.o
 .bss.uxPendedTicks
                0x008006d6        0x1 ./tasks.o
 .bss.xYieldPending
                0x008006d7        0x1 ./tasks.o
 .bss.xNumOfOverflows
                0x008006d8        0x1 ./tasks.o
 .bss.uxTaskNumber
                0x008006d9        0x1 ./tasks.o
 .bss.xNextTaskUnblockTime
                0x008006da        0x2 ./tasks.o
 .bss.xIdleTaskHandle
                0x008006dc        0x2 ./tasks.o
 .bss.uxSchedulerSuspended
                0x008006de        0x1 ./tasks.o
 .bss.pxReadyTasksLists
                0x008006df       0x3f ./tasks.o
 .bss.xDelayedTaskList1
                0x0080071e        0x9 ./tasks.o
 .bss.xDelayedTaskList2
                0x00800727        0x9 ./tasks.o
 .bss.pxDelayedTaskList
                0x00800730        0x2 ./tasks.o
 .bss.pxOverflowDelayedTaskList
                0x00800732        0x2 ./tasks.o
 .bss.xPendingReadyList
                0x00800734        0x9 ./tasks.o
 .bss.xTasksWaitingTermination
                0x0080073d        0x9 ./tasks.o
 .bss.xSuspendedTaskList
                0x00800746        0x9 ./tasks.o
 *(COMMON)
 COMMON         0x0080074f        0x2 ./UserTasks.o
                0x0080074f                FirstButtonPressed
                0x00800751                PROVIDE (__bss_end, .)
                0x00005a5e                __data_load_start = LOADADDR (.data)
                0x00005ae4                __data_load_end = (__data_load_start + SIZEOF (.data))

.noinit         0x00800751        0x0
                0x00800751                PROVIDE (__noinit_start, .)
 *(.noinit*)
                0x00800751                PROVIDE (__noinit_end, .)
                0x00800751                _end = .
                0x00800751                PROVIDE (__heap_start, .)

.eeprom         0x00810000        0x0
 *(.eeprom*)
                0x00810000                __eeprom_end = .

.fuse
 *(.fuse)
 *(.lfuse)
 *(.hfuse)
 *(.efuse)

.lock
 *(.lock*)

.signature
 *(.signature*)

.stab           0x00000000     0x9570
 *(.stab)
 .stab          0x00000000      0x474 ./DIO.o
 .stab          0x00000474      0x1e0 ./PushButton.o
                                0x294 (size before relaxing)
 .stab          0x00000654      0xdbc ./UserTasks.o
                                0xe58 (size before relaxing)
 .stab          0x00001410      0x1bc ./croutine.o
                                0x630 (size before relaxing)
 .stab          0x000015cc      0xde0 ./event_groups.o
                               0x111c (size before relaxing)
 .stab          0x000023ac      0x30c ./heap_1.o
                                0x7bc (size before relaxing)
 .stab          0x000026b8      0x534 ./lcd.o
                                0x750 (size before relaxing)
 .stab          0x00002bec      0x474 ./list.o
                                0x858 (size before relaxing)
 .stab          0x00003060      0x1c8 ./main.o
                                0x6d8 (size before relaxing)
 .stab          0x00003228      0x840 ./port.o
                                0xce4 (size before relaxing)
 .stab          0x00003a68     0x1cc8 ./queue.o
                               0x21a8 (size before relaxing)
 .stab          0x00005730     0x1608 ./stream_buffer.o
                               0x1a4c (size before relaxing)
 .stab          0x00006d38     0x2694 ./tasks.o
                               0x2b74 (size before relaxing)
 .stab          0x000093cc      0x1a4 ./timers.o
                                0x6b4 (size before relaxing)

.stabstr        0x00000000     0x4bef
 *(.stabstr)
 .stabstr       0x00000000     0x4bef ./DIO.o

.stab.excl
 *(.stab.excl)

.stab.exclstr
 *(.stab.exclstr)

.stab.index
 *(.stab.index)

.stab.indexstr
 *(.stab.indexstr)

.comment
 *(.comment)

.debug
 *(.debug)

.line
 *(.line)

.debug_srcinfo
 *(.debug_srcinfo)

.debug_sfnames
 *(.debug_sfnames)

.debug_aranges
 *(.debug_aranges)

.debug_pubnames
 *(.debug_pubnames)

.debug_info
 *(.debug_info)
 *(.gnu.linkonce.wi.*)

.debug_abbrev
 *(.debug_abbrev)

.debug_line
 *(.debug_line)

.debug_frame
 *(.debug_frame)

.debug_str
 *(.debug_str)

.debug_loc
 *(.debug_loc)

.debug_macinfo
 *(.debug_macinfo)
OUTPUT(FreeRTOS_SprintsChallenges_Sprint2_UserStory3.elf elf32-avr)
LOAD linker stubs
