Archive member included because of file (symbol)

e:/imt/sdk/imt_sdk_win_64/winavr/bin/../lib/gcc/avr/4.3.3/avr5\libgcc.a(_mulsi3.o)
                              ./UserTasks.o (__mulsi3)
e:/imt/sdk/imt_sdk_win_64/winavr/bin/../lib/gcc/avr/4.3.3/avr5\libgcc.a(_udivmodqi4.o)
                              ./UserTasks.o (__udivmodqi4)
e:/imt/sdk/imt_sdk_win_64/winavr/bin/../lib/gcc/avr/4.3.3/avr5\libgcc.a(_udivmodsi4.o)
                              ./UserTasks.o (__udivmodsi4)
e:/imt/sdk/imt_sdk_win_64/winavr/bin/../lib/gcc/avr/4.3.3/avr5\libgcc.a(_exit.o)
                              e:/imt/sdk/imt_sdk_win_64/winavr/bin/../lib/gcc/avr/4.3.3/../../../../avr/lib/avr5/crtm32.o (exit)
e:/imt/sdk/imt_sdk_win_64/winavr/bin/../lib/gcc/avr/4.3.3/avr5\libgcc.a(_copy_data.o)
                              ./ADC_cfg.o (__do_copy_data)
e:/imt/sdk/imt_sdk_win_64/winavr/bin/../lib/gcc/avr/4.3.3/avr5\libgcc.a(_clear_bss.o)
                              ./UserTasks.o (__do_clear_bss)
e:/imt/sdk/imt_sdk_win_64/winavr/bin/../lib/gcc/avr/4.3.3/../../../../avr/lib/avr5\libc.a(memcpy.o)
                              ./queue.o (memcpy)
e:/imt/sdk/imt_sdk_win_64/winavr/bin/../lib/gcc/avr/4.3.3/../../../../avr/lib/avr5\libc.a(memset.o)
                              ./stream_buffer.o (memset)
e:/imt/sdk/imt_sdk_win_64/winavr/bin/../lib/gcc/avr/4.3.3/../../../../avr/lib/avr5\libc.a(itoa.o)
                              ./lcd.o (itoa)
e:/imt/sdk/imt_sdk_win_64/winavr/bin/../lib/gcc/avr/4.3.3/../../../../avr/lib/avr5\libc.a(strrev.o)
                              e:/imt/sdk/imt_sdk_win_64/winavr/bin/../lib/gcc/avr/4.3.3/../../../../avr/lib/avr5\libc.a(itoa.o) (strrev)
e:/imt/sdk/imt_sdk_win_64/winavr/bin/../lib/gcc/avr/4.3.3/avr5\libgcc.a(_udivmodhi4.o)
                              e:/imt/sdk/imt_sdk_win_64/winavr/bin/../lib/gcc/avr/4.3.3/../../../../avr/lib/avr5\libc.a(itoa.o) (__udivmodhi4)

Memory Configuration

Name             Origin             Length             Attributes
text             0x00000000         0x00020000         xr
data             0x00800060         0x0000ffa0         rw !x
eeprom           0x00810000         0x00010000         rw !x
fuse             0x00820000         0x00000400         rw !x
lock             0x00830000         0x00000400         rw !x
signature        0x00840000         0x00000400         rw !x
*default*        0x00000000         0xffffffff

Linker script and memory map

LOAD e:/imt/sdk/imt_sdk_win_64/winavr/bin/../lib/gcc/avr/4.3.3/../../../../avr/lib/avr5/crtm32.o
LOAD ./ADC.o
LOAD ./ADC_cfg.o
LOAD ./DIO.o
LOAD ./PushButton.o
LOAD ./UART.o
LOAD ./UART_cfg.o
LOAD ./UserTasks.o
LOAD ./croutine.o
LOAD ./event_groups.o
LOAD ./heap_1.o
LOAD ./lcd.o
LOAD ./list.o
LOAD ./main.o
LOAD ./port.o
LOAD ./queue.o
LOAD ./stream_buffer.o
LOAD ./tasks.o
LOAD ./timers.o
LOAD e:/imt/sdk/imt_sdk_win_64/winavr/bin/../lib/gcc/avr/4.3.3/avr5\libgcc.a
LOAD e:/imt/sdk/imt_sdk_win_64/winavr/bin/../lib/gcc/avr/4.3.3/../../../../avr/lib/avr5\libc.a
LOAD e:/imt/sdk/imt_sdk_win_64/winavr/bin/../lib/gcc/avr/4.3.3/avr5\libgcc.a

.hash
 *(.hash)

.dynsym
 *(.dynsym)

.dynstr
 *(.dynstr)

.gnu.version
 *(.gnu.version)

.gnu.version_d
 *(.gnu.version_d)

.gnu.version_r
 *(.gnu.version_r)

.rel.init
 *(.rel.init)

.rela.init
 *(.rela.init)

.rel.text
 *(.rel.text)
 *(.rel.text.*)
 *(.rel.gnu.linkonce.t*)

.rela.text
 *(.rela.text)
 *(.rela.text.*)
 *(.rela.gnu.linkonce.t*)

.rel.fini
 *(.rel.fini)

.rela.fini
 *(.rela.fini)

.rel.rodata
 *(.rel.rodata)
 *(.rel.rodata.*)
 *(.rel.gnu.linkonce.r*)

.rela.rodata
 *(.rela.rodata)
 *(.rela.rodata.*)
 *(.rela.gnu.linkonce.r*)

.rel.data
 *(.rel.data)
 *(.rel.data.*)
 *(.rel.gnu.linkonce.d*)

.rela.data
 *(.rela.data)
 *(.rela.data.*)
 *(.rela.gnu.linkonce.d*)

.rel.ctors
 *(.rel.ctors)

.rela.ctors
 *(.rela.ctors)

.rel.dtors
 *(.rel.dtors)

.rela.dtors
 *(.rela.dtors)

.rel.got
 *(.rel.got)

.rela.got
 *(.rela.got)

.rel.bss
 *(.rel.bss)

.rela.bss
 *(.rela.bss)

.rel.plt
 *(.rel.plt)

.rela.plt
 *(.rela.plt)

.text           0x00000000     0x64ac
 *(.vectors)
 .vectors       0x00000000       0x54 e:/imt/sdk/imt_sdk_win_64/winavr/bin/../lib/gcc/avr/4.3.3/../../../../avr/lib/avr5/crtm32.o
                0x00000000                __vectors
                0x00000000                __vector_default
 *(.vectors)
 *(.progmem.gcc*)
 *(.progmem*)
                0x00000054                . = ALIGN (0x2)
                0x00000054                __trampolines_start = .
 *(.trampolines)
 .trampolines   0x00000054        0x0 linker stubs
 *(.trampolines*)
                0x00000054                __trampolines_end = .
 *(.jumptables)
 *(.jumptables*)
 *(.lowtext)
 *(.lowtext*)
                0x00000054                __ctors_start = .
 *(.ctors)
                0x00000054                __ctors_end = .
                0x00000054                __dtors_start = .
 *(.dtors)
                0x00000054                __dtors_end = .
 SORT(*)(.ctors)
 SORT(*)(.dtors)
 *(.init0)
 .init0         0x00000054        0x0 e:/imt/sdk/imt_sdk_win_64/winavr/bin/../lib/gcc/avr/4.3.3/../../../../avr/lib/avr5/crtm32.o
                0x00000054                __init
 *(.init0)
 *(.init1)
 *(.init1)
 *(.init2)
 .init2         0x00000054        0xc e:/imt/sdk/imt_sdk_win_64/winavr/bin/../lib/gcc/avr/4.3.3/../../../../avr/lib/avr5/crtm32.o
 *(.init2)
 *(.init3)
 *(.init3)
 *(.init4)
 .init4         0x00000060       0x16 e:/imt/sdk/imt_sdk_win_64/winavr/bin/../lib/gcc/avr/4.3.3/avr5\libgcc.a(_copy_data.o)
                0x00000060                __do_copy_data
 .init4         0x00000076       0x10 e:/imt/sdk/imt_sdk_win_64/winavr/bin/../lib/gcc/avr/4.3.3/avr5\libgcc.a(_clear_bss.o)
                0x00000076                __do_clear_bss
 *(.init4)
 *(.init5)
 *(.init5)
 *(.init6)
 *(.init6)
 *(.init7)
 *(.init7)
 *(.init8)
 *(.init8)
 *(.init9)
 .init9         0x00000086        0x8 e:/imt/sdk/imt_sdk_win_64/winavr/bin/../lib/gcc/avr/4.3.3/../../../../avr/lib/avr5/crtm32.o
 *(.init9)
 *(.text)
 .text          0x0000008e        0x4 e:/imt/sdk/imt_sdk_win_64/winavr/bin/../lib/gcc/avr/4.3.3/../../../../avr/lib/avr5/crtm32.o
                0x0000008e                __vector_1
                0x0000008e                __vector_12
                0x0000008e                __bad_interrupt
                0x0000008e                __vector_6
                0x0000008e                __vector_3
                0x0000008e                __vector_11
                0x0000008e                __vector_13
                0x0000008e                __vector_17
                0x0000008e                __vector_19
                0x0000008e                __vector_5
                0x0000008e                __vector_4
                0x0000008e                __vector_9
                0x0000008e                __vector_2
                0x0000008e                __vector_15
                0x0000008e                __vector_8
                0x0000008e                __vector_14
                0x0000008e                __vector_10
                0x0000008e                __vector_16
                0x0000008e                __vector_18
                0x0000008e                __vector_20
 .text          0x00000092        0x0 ./ADC.o
 .text          0x00000092        0x0 ./ADC_cfg.o
 .text          0x00000092        0x0 ./DIO.o
 .text          0x00000092        0x0 ./PushButton.o
 .text          0x00000092        0x0 ./UART.o
 .text          0x00000092        0x0 ./UART_cfg.o
 .text          0x00000092        0x0 ./UserTasks.o
 .text          0x00000092        0x0 ./croutine.o
 .text          0x00000092        0x0 ./event_groups.o
 .text          0x00000092        0x0 ./heap_1.o
 .text          0x00000092        0x0 ./lcd.o
 .text          0x00000092        0x0 ./list.o
 .text          0x00000092        0x0 ./main.o
 .text          0x00000092        0x0 ./port.o
 .text          0x00000092        0x0 ./queue.o
 .text          0x00000092        0x0 ./stream_buffer.o
 .text          0x00000092        0x0 ./tasks.o
 .text          0x00000092        0x0 ./timers.o
 .text          0x00000092        0x0 e:/imt/sdk/imt_sdk_win_64/winavr/bin/../lib/gcc/avr/4.3.3/avr5\libgcc.a(_mulsi3.o)
 .text          0x00000092        0x0 e:/imt/sdk/imt_sdk_win_64/winavr/bin/../lib/gcc/avr/4.3.3/avr5\libgcc.a(_udivmodqi4.o)
 .text          0x00000092        0x0 e:/imt/sdk/imt_sdk_win_64/winavr/bin/../lib/gcc/avr/4.3.3/avr5\libgcc.a(_udivmodsi4.o)
 .text          0x00000092        0x0 e:/imt/sdk/imt_sdk_win_64/winavr/bin/../lib/gcc/avr/4.3.3/avr5\libgcc.a(_exit.o)
 .text          0x00000092        0x0 e:/imt/sdk/imt_sdk_win_64/winavr/bin/../lib/gcc/avr/4.3.3/avr5\libgcc.a(_copy_data.o)
 .text          0x00000092        0x0 e:/imt/sdk/imt_sdk_win_64/winavr/bin/../lib/gcc/avr/4.3.3/avr5\libgcc.a(_clear_bss.o)
 .text          0x00000092        0x0 e:/imt/sdk/imt_sdk_win_64/winavr/bin/../lib/gcc/avr/4.3.3/../../../../avr/lib/avr5\libc.a(memcpy.o)
 .text          0x00000092        0x0 e:/imt/sdk/imt_sdk_win_64/winavr/bin/../lib/gcc/avr/4.3.3/../../../../avr/lib/avr5\libc.a(memset.o)
 .text          0x00000092        0x0 e:/imt/sdk/imt_sdk_win_64/winavr/bin/../lib/gcc/avr/4.3.3/../../../../avr/lib/avr5\libc.a(itoa.o)
 .text          0x00000092        0x0 e:/imt/sdk/imt_sdk_win_64/winavr/bin/../lib/gcc/avr/4.3.3/../../../../avr/lib/avr5\libc.a(strrev.o)
 .text          0x00000092        0x0 e:/imt/sdk/imt_sdk_win_64/winavr/bin/../lib/gcc/avr/4.3.3/avr5\libgcc.a(_udivmodhi4.o)
                0x00000092                . = ALIGN (0x2)
 *(.text.*)
 .text.ADC_Init
                0x00000092      0x71e ./ADC.o
                0x00000092                ADC_Init
 .text.ADC_SelectChannel
                0x000007b0       0x28 ./ADC.o
                0x000007b0                ADC_SelectChannel
 .text.ADC_StartConversion
                0x000007d8       0x4c ./ADC.o
                0x000007d8                ADC_StartConversion
 .text.ADC_ReadChannel
                0x00000824       0x4c ./ADC.o
                0x00000824                ADC_ReadChannel
 .text.ADC_DeInit
                0x00000870       0x2a ./ADC.o
                0x00000870                ADC_DeInit
 .text.DIO_WritePin
                0x0000089a      0x1de ./DIO.o
                0x0000089a                DIO_WritePin
 .text.DIO_ReadPin
                0x00000a78       0xe4 ./DIO.o
                0x00000a78                DIO_ReadPin
 .text.DIO_SetPinDirection
                0x00000b5c      0x1de ./DIO.o
                0x00000b5c                DIO_SetPinDirection
 .text.PushButton_Init
                0x00000d3a       0x1e ./PushButton.o
                0x00000d3a                PushButton_Init
 .text.Buttons_getPressedButton
                0x00000d58       0x36 ./PushButton.o
                0x00000d58                Buttons_getPressedButton
 .text.UART_Init
                0x00000d8e      0x2b8 ./UART.o
                0x00000d8e                UART_Init
 .text.UART_ReceiveChar
                0x00001046       0x6c ./UART.o
                0x00001046                UART_ReceiveChar
 .text.UART_SendChar
                0x000010b2       0x70 ./UART.o
                0x000010b2                UART_SendChar
 .text.UART_Receive
                0x00001122       0x6e ./UART.o
                0x00001122                UART_Receive
 .text.UART_Send
                0x00001190       0x6c ./UART.o
                0x00001190                UART_Send
 .text.UART_StartComm
                0x000011fc       0x6a ./UART.o
                0x000011fc                UART_StartComm
 .text.UART_StopComm
                0x00001266       0xac ./UART.o
                0x00001266                UART_StopComm
 .text.UART_EmptyRegisterInterrupt
                0x00001312       0x48 ./UART.o
                0x00001312                UART_EmptyRegisterInterrupt
 .text.UART_ReceiveInterrupt
                0x0000135a       0x48 ./UART.o
                0x0000135a                UART_ReceiveInterrupt
 .text.UART_transmitInterrupt
                0x000013a2       0x48 ./UART.o
                0x000013a2                UART_transmitInterrupt
 .text.init_Task
                0x000013ea       0xf2 ./UserTasks.o
                0x000013ea                init_Task
 .text.PushButton_Task
                0x000014dc       0xc2 ./UserTasks.o
                0x000014dc                PushButton_Task
 .text.ADC_Task
                0x0000159e       0xb4 ./UserTasks.o
                0x0000159e                ADC_Task
 .text.LCD_Task
                0x00001652      0x1f8 ./UserTasks.o
                0x00001652                LCD_Task
 .text.UART_Task
                0x0000184a       0x48 ./UserTasks.o
                0x0000184a                UART_Task
 .text.xEventGroupCreate
                0x00001892       0x3e ./event_groups.o
                0x00001892                xEventGroupCreate
 .text.xEventGroupSync
                0x000018d0      0x172 ./event_groups.o
                0x000018d0                xEventGroupSync
 .text.xEventGroupWaitBits
                0x00001a42      0x18c ./event_groups.o
                0x00001a42                xEventGroupWaitBits
 .text.xEventGroupClearBits
                0x00001bce       0x6c ./event_groups.o
                0x00001bce                xEventGroupClearBits
 .text.xEventGroupGetBitsFromISR
                0x00001c3a       0x44 ./event_groups.o
                0x00001c3a                xEventGroupGetBitsFromISR
 .text.xEventGroupSetBits
                0x00001c7e      0x164 ./event_groups.o
                0x00001c7e                xEventGroupSetBits
 .text.vEventGroupDelete
                0x00001de2       0x62 ./event_groups.o
                0x00001de2                vEventGroupDelete
 .text.vEventGroupSetBitsCallback
                0x00001e44       0x3a ./event_groups.o
                0x00001e44                vEventGroupSetBitsCallback
 .text.vEventGroupClearBitsCallback
                0x00001e7e       0x3a ./event_groups.o
                0x00001e7e                vEventGroupClearBitsCallback
 .text.prvTestWaitCondition
                0x00001eb8       0x64 ./event_groups.o
 .text.pvPortMalloc
                0x00001f1c       0xac ./heap_1.o
                0x00001f1c                pvPortMalloc
 .text.vPortFree
                0x00001fc8       0x18 ./heap_1.o
                0x00001fc8                vPortFree
 .text.vPortInitialiseBlocks
                0x00001fe0       0x16 ./heap_1.o
                0x00001fe0                vPortInitialiseBlocks
 .text.xPortGetFreeHeapSize
                0x00001ff6       0x1e ./heap_1.o
                0x00001ff6                xPortGetFreeHeapSize
 .text.LCD_init
                0x00002014       0x42 ./lcd.o
                0x00002014                LCD_init
 .text.LCD_sendCommand
                0x00002056       0xda ./lcd.o
                0x00002056                LCD_sendCommand
 .text.LCD_displayCharacter
                0x00002130       0xda ./lcd.o
                0x00002130                LCD_displayCharacter
 .text.LCD_displayString
                0x0000220a       0x52 ./lcd.o
                0x0000220a                LCD_displayString
 .text.LCD_goToRowColumn
                0x0000225c       0x84 ./lcd.o
                0x0000225c                LCD_goToRowColumn
 .text.LCD_displayStringRowColumn
                0x000022e0       0x32 ./lcd.o
                0x000022e0                LCD_displayStringRowColumn
 .text.LCD_clearScreen
                0x00002312       0x14 ./lcd.o
                0x00002312                LCD_clearScreen
 .text.LCD_intgerToString
                0x00002326       0x52 ./lcd.o
                0x00002326                LCD_intgerToString
 .text.vListInitialise
                0x00002378       0x54 ./list.o
                0x00002378                vListInitialise
 .text.vListInitialiseItem
                0x000023cc       0x20 ./list.o
                0x000023cc                vListInitialiseItem
 .text.vListInsertEnd
                0x000023ec       0x88 ./list.o
                0x000023ec                vListInsertEnd
 .text.vListInsert
                0x00002474       0xd8 ./list.o
                0x00002474                vListInsert
 .text.uxListRemove
                0x0000254c       0x98 ./list.o
                0x0000254c                uxListRemove
 .text.main     0x000025e4       0x3a ./main.o
                0x000025e4                main
 .text.pxPortInitialiseStack
                0x0000261e      0x306 ./port.o
                0x0000261e                pxPortInitialiseStack
 .text.xPortStartScheduler
                0x00002924       0x6a ./port.o
                0x00002924                xPortStartScheduler
 .text.vPortEndScheduler
                0x0000298e        0xe ./port.o
                0x0000298e                vPortEndScheduler
 .text.vPortYield
                0x0000299c       0xb2 ./port.o
                0x0000299c                vPortYield
 .text.vPortYieldFromTick
                0x00002a4e       0xba ./port.o
                0x00002a4e                vPortYieldFromTick
 .text.prvSetupTimerInterrupt
                0x00002b08       0xb8 ./port.o
 .text.__vector_7
                0x00002bc0        0x6 ./port.o
                0x00002bc0                __vector_7
 .text.xQueueGenericReset
                0x00002bc6      0x10c ./queue.o
                0x00002bc6                xQueueGenericReset
 .text.xQueueGenericCreate
                0x00002cd2       0xa2 ./queue.o
                0x00002cd2                xQueueGenericCreate
 .text.prvInitialiseNewQueue
                0x00002d74       0x76 ./queue.o
 .text.xQueueGenericSend
                0x00002dea      0x158 ./queue.o
                0x00002dea                xQueueGenericSend
 .text.xQueueGenericSendFromISR
                0x00002f42       0xb0 ./queue.o
                0x00002f42                xQueueGenericSendFromISR
 .text.xQueueGiveFromISR
                0x00002ff2       0xa2 ./queue.o
                0x00002ff2                xQueueGiveFromISR
 .text.xQueueReceive
                0x00003094      0x156 ./queue.o
                0x00003094                xQueueReceive
 .text.xQueueSemaphoreTake
                0x000031ea      0x144 ./queue.o
                0x000031ea                xQueueSemaphoreTake
 .text.xQueuePeek
                0x0000332e      0x164 ./queue.o
                0x0000332e                xQueuePeek
 .text.xQueueReceiveFromISR
                0x00003492       0xae ./queue.o
                0x00003492                xQueueReceiveFromISR
 .text.xQueuePeekFromISR
                0x00003540       0x72 ./queue.o
                0x00003540                xQueuePeekFromISR
 .text.uxQueueMessagesWaiting
                0x000035b2       0x30 ./queue.o
                0x000035b2                uxQueueMessagesWaiting
 .text.uxQueueSpacesAvailable
                0x000035e2       0x4a ./queue.o
                0x000035e2                uxQueueSpacesAvailable
 .text.uxQueueMessagesWaitingFromISR
                0x0000362c       0x34 ./queue.o
                0x0000362c                uxQueueMessagesWaitingFromISR
 .text.vQueueDelete
                0x00003660       0x2e ./queue.o
                0x00003660                vQueueDelete
 .text.prvCopyDataToQueue
                0x0000368e      0x14c ./queue.o
 .text.prvCopyDataFromQueue
                0x000037da       0x8e ./queue.o
 .text.prvUnlockQueue
                0x00003868       0xa6 ./queue.o
 .text.prvIsQueueEmpty
                0x0000390e       0x3a ./queue.o
 .text.xQueueIsQueueEmptyFromISR
                0x00003948       0x3e ./queue.o
                0x00003948                xQueueIsQueueEmptyFromISR
 .text.prvIsQueueFull
                0x00003986       0x40 ./queue.o
 .text.xQueueIsQueueFullFromISR
                0x000039c6       0x44 ./queue.o
                0x000039c6                xQueueIsQueueFullFromISR
 .text.xStreamBufferGenericCreate
                0x00003a0a       0x98 ./stream_buffer.o
                0x00003a0a                xStreamBufferGenericCreate
 .text.vStreamBufferDelete
                0x00003aa2       0x52 ./stream_buffer.o
                0x00003aa2                vStreamBufferDelete
 .text.xStreamBufferReset
                0x00003af4       0x84 ./stream_buffer.o
                0x00003af4                xStreamBufferReset
 .text.xStreamBufferSetTriggerLevel
                0x00003b78       0x6e ./stream_buffer.o
                0x00003b78                xStreamBufferSetTriggerLevel
 .text.xStreamBufferSpacesAvailable
                0x00003be6       0x8c ./stream_buffer.o
                0x00003be6                xStreamBufferSpacesAvailable
 .text.xStreamBufferBytesAvailable
                0x00003c72       0x3c ./stream_buffer.o
                0x00003c72                xStreamBufferBytesAvailable
 .text.xStreamBufferSend
                0x00003cae      0x190 ./stream_buffer.o
                0x00003cae                xStreamBufferSend
 .text.xStreamBufferSendFromISR
                0x00003e3e       0xfa ./stream_buffer.o
                0x00003e3e                xStreamBufferSendFromISR
 .text.prvWriteMessageToBuffer
                0x00003f38       0xe4 ./stream_buffer.o
 .text.xStreamBufferReceive
                0x0000401c      0x174 ./stream_buffer.o
                0x0000401c                xStreamBufferReceive
 .text.xStreamBufferNextMessageLengthBytes
                0x00004190       0xa4 ./stream_buffer.o
                0x00004190                xStreamBufferNextMessageLengthBytes
 .text.xStreamBufferReceiveFromISR
                0x00004234       0xf0 ./stream_buffer.o
                0x00004234                xStreamBufferReceiveFromISR
 .text.prvReadMessageFromBuffer
                0x00004324       0xd8 ./stream_buffer.o
 .text.xStreamBufferIsEmpty
                0x000043fc       0x5a ./stream_buffer.o
                0x000043fc                xStreamBufferIsEmpty
 .text.xStreamBufferIsFull
                0x00004456       0x70 ./stream_buffer.o
                0x00004456                xStreamBufferIsFull
 .text.xStreamBufferSendCompletedFromISR
                0x000044c6       0x86 ./stream_buffer.o
                0x000044c6                xStreamBufferSendCompletedFromISR
 .text.xStreamBufferReceiveCompletedFromISR
                0x0000454c       0x86 ./stream_buffer.o
                0x0000454c                xStreamBufferReceiveCompletedFromISR
 .text.prvWriteBytesToBuffer
                0x000045d2      0x11a ./stream_buffer.o
 .text.prvReadBytesFromBuffer
                0x000046ec      0x15a ./stream_buffer.o
 .text.prvBytesInBuffer
                0x00004846       0x74 ./stream_buffer.o
 .text.prvInitialiseNewStreamBuffer
                0x000048ba       0x78 ./stream_buffer.o
 .text.xTaskCreate
                0x00004932       0xf0 ./tasks.o
                0x00004932                xTaskCreate
 .text.prvInitialiseNewTask
                0x00004a22      0x178 ./tasks.o
 .text.prvAddNewTaskToReadyList
                0x00004b9a       0xf0 ./tasks.o
 .text.vTaskDelete
                0x00004c8a       0xe4 ./tasks.o
                0x00004c8a                vTaskDelete
 .text.vTaskDelay
                0x00004d6e       0x44 ./tasks.o
                0x00004d6e                vTaskDelay
 .text.vTaskSuspend
                0x00004db2       0xe8 ./tasks.o
                0x00004db2                vTaskSuspend
 .text.prvTaskIsTaskSuspended
                0x00004e9a       0x5e ./tasks.o
 .text.vTaskResume
                0x00004ef8       0xc8 ./tasks.o
                0x00004ef8                vTaskResume
 .text.xTaskResumeFromISR
                0x00004fc0       0xcc ./tasks.o
                0x00004fc0                xTaskResumeFromISR
 .text.vTaskStartScheduler
                0x0000508c       0x64 ./tasks.o
                0x0000508c                vTaskStartScheduler
 .text.vTaskEndScheduler
                0x000050f0       0x18 ./tasks.o
                0x000050f0                vTaskEndScheduler
 .text.vTaskSuspendAll
                0x00005108       0x18 ./tasks.o
                0x00005108                vTaskSuspendAll
 .text.xTaskResumeAll
                0x00005120      0x126 ./tasks.o
                0x00005120                xTaskResumeAll
 .text.xTaskGetTickCount
                0x00005246       0x2e ./tasks.o
                0x00005246                xTaskGetTickCount
 .text.xTaskGetTickCountFromISR
                0x00005274       0x2a ./tasks.o
                0x00005274                xTaskGetTickCountFromISR
 .text.uxTaskGetNumberOfTasks
                0x0000529e       0x12 ./tasks.o
                0x0000529e                uxTaskGetNumberOfTasks
 .text.pcTaskGetName
                0x000052b0       0x50 ./tasks.o
                0x000052b0                pcTaskGetName
 .text.xTaskIncrementTick
                0x00005300      0x1ca ./tasks.o
                0x00005300                xTaskIncrementTick
 .text.vTaskSwitchContext
                0x000054ca       0xda ./tasks.o
                0x000054ca                vTaskSwitchContext
 .text.vTaskPlaceOnEventList
                0x000055a4       0x44 ./tasks.o
                0x000055a4                vTaskPlaceOnEventList
 .text.vTaskPlaceOnUnorderedEventList
                0x000055e8       0x60 ./tasks.o
                0x000055e8                vTaskPlaceOnUnorderedEventList
 .text.xTaskRemoveFromEventList
                0x00005648       0xd6 ./tasks.o
                0x00005648                xTaskRemoveFromEventList
 .text.vTaskRemoveFromUnorderedEventList
                0x0000571e       0xba ./tasks.o
                0x0000571e                vTaskRemoveFromUnorderedEventList
 .text.vTaskSetTimeOutState
                0x000057d8       0x3c ./tasks.o
                0x000057d8                vTaskSetTimeOutState
 .text.vTaskInternalSetTimeOutState
                0x00005814       0x32 ./tasks.o
                0x00005814                vTaskInternalSetTimeOutState
 .text.xTaskCheckForTimeOut
                0x00005846       0xda ./tasks.o
                0x00005846                xTaskCheckForTimeOut
 .text.vTaskMissedYield
                0x00005920       0x14 ./tasks.o
                0x00005920                vTaskMissedYield
 .text.prvIdleTask
                0x00005934       0x14 ./tasks.o
 .text.prvInitialiseTaskLists
                0x00005948       0x82 ./tasks.o
 .text.prvCheckTasksWaitingTermination
                0x000059ca       0x5e ./tasks.o
 .text.prvDeleteTCB
                0x00005a28       0x2c ./tasks.o
 .text.prvResetNextTaskUnblockTime
                0x00005a54       0x56 ./tasks.o
 .text.xTaskGetCurrentTaskHandle
                0x00005aaa       0x24 ./tasks.o
                0x00005aaa                xTaskGetCurrentTaskHandle
 .text.uxTaskResetEventItemValue
                0x00005ace       0x4e ./tasks.o
                0x00005ace                uxTaskResetEventItemValue
 .text.ulTaskNotifyTake
                0x00005b1c       0xee ./tasks.o
                0x00005b1c                ulTaskNotifyTake
 .text.xTaskNotifyWait
                0x00005c0a      0x138 ./tasks.o
                0x00005c0a                xTaskNotifyWait
 .text.xTaskGenericNotify
                0x00005d42      0x1ba ./tasks.o
                0x00005d42                xTaskGenericNotify
 .text.xTaskGenericNotifyFromISR
                0x00005efc      0x1f0 ./tasks.o
                0x00005efc                xTaskGenericNotifyFromISR
 .text.vTaskNotifyGiveFromISR
                0x000060ec      0x10c ./tasks.o
                0x000060ec                vTaskNotifyGiveFromISR
 .text.xTaskNotifyStateClear
                0x000061f8       0x74 ./tasks.o
                0x000061f8                xTaskNotifyStateClear
 .text.prvAddCurrentTaskToDelayedList
                0x0000626c       0xf8 ./tasks.o
 .text.libgcc   0x00006364       0x3e e:/imt/sdk/imt_sdk_win_64/winavr/bin/../lib/gcc/avr/4.3.3/avr5\libgcc.a(_mulsi3.o)
                0x00006364                __mulsi3
 .text.libgcc   0x000063a2       0x18 e:/imt/sdk/imt_sdk_win_64/winavr/bin/../lib/gcc/avr/4.3.3/avr5\libgcc.a(_udivmodqi4.o)
                0x000063a2                __udivmodqi4
 .text.libgcc   0x000063ba       0x44 e:/imt/sdk/imt_sdk_win_64/winavr/bin/../lib/gcc/avr/4.3.3/avr5\libgcc.a(_udivmodsi4.o)
                0x000063ba                __udivmodsi4
 .text.libgcc   0x000063fe        0x0 e:/imt/sdk/imt_sdk_win_64/winavr/bin/../lib/gcc/avr/4.3.3/avr5\libgcc.a(_exit.o)
 .text.libgcc   0x000063fe        0x0 e:/imt/sdk/imt_sdk_win_64/winavr/bin/../lib/gcc/avr/4.3.3/avr5\libgcc.a(_copy_data.o)
 .text.libgcc   0x000063fe        0x0 e:/imt/sdk/imt_sdk_win_64/winavr/bin/../lib/gcc/avr/4.3.3/avr5\libgcc.a(_clear_bss.o)
 .text.avr-libc
                0x000063fe       0x12 e:/imt/sdk/imt_sdk_win_64/winavr/bin/../lib/gcc/avr/4.3.3/../../../../avr/lib/avr5\libc.a(memcpy.o)
                0x000063fe                memcpy
 .text.avr-libc
                0x00006410        0xe e:/imt/sdk/imt_sdk_win_64/winavr/bin/../lib/gcc/avr/4.3.3/../../../../avr/lib/avr5\libc.a(memset.o)
                0x00006410                memset
 .text.avr-libc
                0x0000641e       0x42 e:/imt/sdk/imt_sdk_win_64/winavr/bin/../lib/gcc/avr/4.3.3/../../../../avr/lib/avr5\libc.a(itoa.o)
                0x0000641e                itoa
 .text.avr-libc
                0x00006460       0x20 e:/imt/sdk/imt_sdk_win_64/winavr/bin/../lib/gcc/avr/4.3.3/../../../../avr/lib/avr5\libc.a(strrev.o)
                0x00006460                strrev
 .text.libgcc   0x00006480       0x28 e:/imt/sdk/imt_sdk_win_64/winavr/bin/../lib/gcc/avr/4.3.3/avr5\libgcc.a(_udivmodhi4.o)
                0x00006480                __udivmodhi4
                0x000064a8                . = ALIGN (0x2)
 *(.fini9)
 .fini9         0x000064a8        0x0 e:/imt/sdk/imt_sdk_win_64/winavr/bin/../lib/gcc/avr/4.3.3/avr5\libgcc.a(_exit.o)
                0x000064a8                exit
                0x000064a8                _exit
 *(.fini9)
 *(.fini8)
 *(.fini8)
 *(.fini7)
 *(.fini7)
 *(.fini6)
 *(.fini6)
 *(.fini5)
 *(.fini5)
 *(.fini4)
 *(.fini4)
 *(.fini3)
 *(.fini3)
 *(.fini2)
 *(.fini2)
 *(.fini1)
 *(.fini1)
 *(.fini0)
 .fini0         0x000064a8        0x4 e:/imt/sdk/imt_sdk_win_64/winavr/bin/../lib/gcc/avr/4.3.3/avr5\libgcc.a(_exit.o)
 *(.fini0)
                0x000064ac                _etext = .

.data           0x00800060       0x60 load address 0x000064ac
                0x00800060                PROVIDE (__data_start, .)
 *(.data)
 .data          0x00800060        0x0 e:/imt/sdk/imt_sdk_win_64/winavr/bin/../lib/gcc/avr/4.3.3/../../../../avr/lib/avr5/crtm32.o
 .data          0x00800060        0x0 ./ADC.o
 .data          0x00800060        0x0 ./ADC_cfg.o
 .data          0x00800060        0x0 ./DIO.o
 .data          0x00800060        0x0 ./PushButton.o
 .data          0x00800060        0x0 ./UART.o
 .data          0x00800060        0x0 ./UART_cfg.o
 .data          0x00800060       0x3d ./UserTasks.o
 .data          0x0080009d        0x0 ./croutine.o
 .data          0x0080009d        0x0 ./event_groups.o
 .data          0x0080009d        0x0 ./heap_1.o
 .data          0x0080009d        0x0 ./lcd.o
 .data          0x0080009d        0x0 ./list.o
 .data          0x0080009d        0xa ./main.o
 .data          0x008000a7        0x0 ./port.o
 .data          0x008000a7        0x0 ./queue.o
 .data          0x008000a7        0x0 ./stream_buffer.o
 .data          0x008000a7        0x5 ./tasks.o
 .data          0x008000ac        0x0 ./timers.o
 .data          0x008000ac        0x0 e:/imt/sdk/imt_sdk_win_64/winavr/bin/../lib/gcc/avr/4.3.3/avr5\libgcc.a(_mulsi3.o)
 .data          0x008000ac        0x0 e:/imt/sdk/imt_sdk_win_64/winavr/bin/../lib/gcc/avr/4.3.3/avr5\libgcc.a(_udivmodqi4.o)
 .data          0x008000ac        0x0 e:/imt/sdk/imt_sdk_win_64/winavr/bin/../lib/gcc/avr/4.3.3/avr5\libgcc.a(_udivmodsi4.o)
 .data          0x008000ac        0x0 e:/imt/sdk/imt_sdk_win_64/winavr/bin/../lib/gcc/avr/4.3.3/avr5\libgcc.a(_exit.o)
 .data          0x008000ac        0x0 e:/imt/sdk/imt_sdk_win_64/winavr/bin/../lib/gcc/avr/4.3.3/avr5\libgcc.a(_copy_data.o)
 .data          0x008000ac        0x0 e:/imt/sdk/imt_sdk_win_64/winavr/bin/../lib/gcc/avr/4.3.3/avr5\libgcc.a(_clear_bss.o)
 .data          0x008000ac        0x0 e:/imt/sdk/imt_sdk_win_64/winavr/bin/../lib/gcc/avr/4.3.3/../../../../avr/lib/avr5\libc.a(memcpy.o)
 .data          0x008000ac        0x0 e:/imt/sdk/imt_sdk_win_64/winavr/bin/../lib/gcc/avr/4.3.3/../../../../avr/lib/avr5\libc.a(memset.o)
 .data          0x008000ac        0x0 e:/imt/sdk/imt_sdk_win_64/winavr/bin/../lib/gcc/avr/4.3.3/../../../../avr/lib/avr5\libc.a(itoa.o)
 .data          0x008000ac        0x0 e:/imt/sdk/imt_sdk_win_64/winavr/bin/../lib/gcc/avr/4.3.3/../../../../avr/lib/avr5\libc.a(strrev.o)
 .data          0x008000ac        0x0 e:/imt/sdk/imt_sdk_win_64/winavr/bin/../lib/gcc/avr/4.3.3/avr5\libgcc.a(_udivmodhi4.o)
 *(.data*)
 .data.ADC_Config
                0x008000ac        0x6 ./ADC_cfg.o
                0x008000ac                ADC_Config
 .data.UART_Config
                0x008000b2        0xd ./UART_cfg.o
                0x008000b2                UART_Config
 *(.rodata)
 *(.rodata*)
 *(.gnu.linkonce.d*)
                0x008000c0                . = ALIGN (0x2)
 *fill*         0x008000bf        0x1 00
                0x008000c0                _edata = .
                0x008000c0                PROVIDE (__data_end, .)

.bss            0x008000c0      0x657
                0x008000c0                PROVIDE (__bss_start, .)
 *(.bss)
 .bss           0x008000c0        0x0 e:/imt/sdk/imt_sdk_win_64/winavr/bin/../lib/gcc/avr/4.3.3/../../../../avr/lib/avr5/crtm32.o
 .bss           0x008000c0        0x0 ./ADC.o
 .bss           0x008000c0        0x0 ./ADC_cfg.o
 .bss           0x008000c0        0x0 ./DIO.o
 .bss           0x008000c0        0x0 ./PushButton.o
 .bss           0x008000c0        0x0 ./UART.o
 .bss           0x008000c0        0x0 ./UART_cfg.o
 .bss           0x008000c0        0x0 ./UserTasks.o
 .bss           0x008000c0        0x0 ./croutine.o
 .bss           0x008000c0        0x0 ./event_groups.o
 .bss           0x008000c0        0x0 ./heap_1.o
 .bss           0x008000c0        0x0 ./lcd.o
 .bss           0x008000c0        0x0 ./list.o
 .bss           0x008000c0        0x0 ./main.o
 .bss           0x008000c0        0x0 ./port.o
 .bss           0x008000c0        0x0 ./queue.o
 .bss           0x008000c0        0x0 ./stream_buffer.o
 .bss           0x008000c0        0x0 ./tasks.o
 .bss           0x008000c0        0x0 ./timers.o
 .bss           0x008000c0        0x0 e:/imt/sdk/imt_sdk_win_64/winavr/bin/../lib/gcc/avr/4.3.3/avr5\libgcc.a(_mulsi3.o)
 .bss           0x008000c0        0x0 e:/imt/sdk/imt_sdk_win_64/winavr/bin/../lib/gcc/avr/4.3.3/avr5\libgcc.a(_udivmodqi4.o)
 .bss           0x008000c0        0x0 e:/imt/sdk/imt_sdk_win_64/winavr/bin/../lib/gcc/avr/4.3.3/avr5\libgcc.a(_udivmodsi4.o)
 .bss           0x008000c0        0x0 e:/imt/sdk/imt_sdk_win_64/winavr/bin/../lib/gcc/avr/4.3.3/avr5\libgcc.a(_exit.o)
 .bss           0x008000c0        0x0 e:/imt/sdk/imt_sdk_win_64/winavr/bin/../lib/gcc/avr/4.3.3/avr5\libgcc.a(_copy_data.o)
 .bss           0x008000c0        0x0 e:/imt/sdk/imt_sdk_win_64/winavr/bin/../lib/gcc/avr/4.3.3/avr5\libgcc.a(_clear_bss.o)
 .bss           0x008000c0        0x0 e:/imt/sdk/imt_sdk_win_64/winavr/bin/../lib/gcc/avr/4.3.3/../../../../avr/lib/avr5\libc.a(memcpy.o)
 .bss           0x008000c0        0x0 e:/imt/sdk/imt_sdk_win_64/winavr/bin/../lib/gcc/avr/4.3.3/../../../../avr/lib/avr5\libc.a(memset.o)
 .bss           0x008000c0        0x0 e:/imt/sdk/imt_sdk_win_64/winavr/bin/../lib/gcc/avr/4.3.3/../../../../avr/lib/avr5\libc.a(itoa.o)
 .bss           0x008000c0        0x0 e:/imt/sdk/imt_sdk_win_64/winavr/bin/../lib/gcc/avr/4.3.3/../../../../avr/lib/avr5\libc.a(strrev.o)
 .bss           0x008000c0        0x0 e:/imt/sdk/imt_sdk_win_64/winavr/bin/../lib/gcc/avr/4.3.3/avr5\libgcc.a(_udivmodhi4.o)
 *(.bss*)
 .bss.InitTask_Flag
                0x008000c0        0x2 ./UserTasks.o
                0x008000c0                InitTask_Flag
 .bss.Queue_PushButton
                0x008000c2        0x2 ./UserTasks.o
 .bss.Queue_UART_Task
                0x008000c4        0x2 ./UserTasks.o
 .bss.Queue_Temp_Sensor_Task
                0x008000c6        0x2 ./UserTasks.o
 .bss.xNextFreeByte
                0x008000c8        0x2 ./heap_1.o
 .bss.pucAlignedHeap.1645
                0x008000ca        0x2 ./heap_1.o
 .bss.ucHeap    0x008000cc      0x5dc ./heap_1.o
 .bss.pxCurrentTCB
                0x008006a8        0x2 ./tasks.o
                0x008006a8                pxCurrentTCB
 .bss.uxDeletedTasksWaitingCleanUp
                0x008006aa        0x1 ./tasks.o
 .bss.uxCurrentNumberOfTasks
                0x008006ab        0x1 ./tasks.o
 .bss.xTickCount
                0x008006ac        0x2 ./tasks.o
 .bss.uxTopReadyPriority
                0x008006ae        0x1 ./tasks.o
 .bss.xSchedulerRunning
                0x008006af        0x1 ./tasks.o
 .bss.uxPendedTicks
                0x008006b0        0x1 ./tasks.o
 .bss.xYieldPending
                0x008006b1        0x1 ./tasks.o
 .bss.xNumOfOverflows
                0x008006b2        0x1 ./tasks.o
 .bss.uxTaskNumber
                0x008006b3        0x1 ./tasks.o
 .bss.xNextTaskUnblockTime
                0x008006b4        0x2 ./tasks.o
 .bss.xIdleTaskHandle
                0x008006b6        0x2 ./tasks.o
 .bss.uxSchedulerSuspended
                0x008006b8        0x1 ./tasks.o
 .bss.pxReadyTasksLists
                0x008006b9       0x2d ./tasks.o
 .bss.xDelayedTaskList1
                0x008006e6        0x9 ./tasks.o
 .bss.xDelayedTaskList2
                0x008006ef        0x9 ./tasks.o
 .bss.pxDelayedTaskList
                0x008006f8        0x2 ./tasks.o
 .bss.pxOverflowDelayedTaskList
                0x008006fa        0x2 ./tasks.o
 .bss.xPendingReadyList
                0x008006fc        0x9 ./tasks.o
 .bss.xTasksWaitingTermination
                0x00800705        0x9 ./tasks.o
 .bss.xSuspendedTaskList
                0x0080070e        0x9 ./tasks.o
 *(COMMON)
                0x00800717                PROVIDE (__bss_end, .)
                0x000064ac                __data_load_start = LOADADDR (.data)
                0x0000650c                __data_load_end = (__data_load_start + SIZEOF (.data))

.noinit         0x00800717        0x0
                0x00800717                PROVIDE (__noinit_start, .)
 *(.noinit*)
                0x00800717                PROVIDE (__noinit_end, .)
                0x00800717                _end = .
                0x00800717                PROVIDE (__heap_start, .)

.eeprom         0x00810000        0x0
 *(.eeprom*)
                0x00810000                __eeprom_end = .

.fuse
 *(.fuse)
 *(.lfuse)
 *(.hfuse)
 *(.efuse)

.lock
 *(.lock*)

.signature
 *(.signature*)

.stab           0x00000000     0xa308
 *(.stab)
 .stab          0x00000000      0x870 ./ADC.o
 .stab          0x00000870      0x120 ./ADC_cfg.o
                                0x270 (size before relaxing)
 .stab          0x00000990      0x3d8 ./DIO.o
                                0x474 (size before relaxing)
 .stab          0x00000d68      0x1e0 ./PushButton.o
                                0x294 (size before relaxing)
 .stab          0x00000f48      0xac8 ./UART.o
                                0xb64 (size before relaxing)
 .stab          0x00001a10      0x114 ./UART_cfg.o
                                0x288 (size before relaxing)
 .stab          0x00001b24      0xbf4 ./UserTasks.o
                                0xe28 (size before relaxing)
 .stab          0x00002718      0x1bc ./croutine.o
                                0x630 (size before relaxing)
 .stab          0x000028d4      0xde0 ./event_groups.o
                               0x111c (size before relaxing)
 .stab          0x000036b4      0x30c ./heap_1.o
                                0x7bc (size before relaxing)
 .stab          0x000039c0      0x5a0 ./lcd.o
                                0x7bc (size before relaxing)
 .stab          0x00003f60      0x474 ./list.o
                                0x858 (size before relaxing)
 .stab          0x000043d4      0x1f8 ./main.o
                                0x8a0 (size before relaxing)
 .stab          0x000045cc      0x840 ./port.o
                                0xce4 (size before relaxing)
 .stab          0x00004e0c     0x1a58 ./queue.o
                               0x1f38 (size before relaxing)
 .stab          0x00006864     0x1608 ./stream_buffer.o
                               0x1a4c (size before relaxing)
 .stab          0x00007e6c     0x22f8 ./tasks.o
                               0x27d8 (size before relaxing)
 .stab          0x0000a164      0x1a4 ./timers.o
                                0x6b4 (size before relaxing)

.stabstr        0x00000000     0x529c
 *(.stabstr)
 .stabstr       0x00000000     0x529c ./ADC.o

.stab.excl
 *(.stab.excl)

.stab.exclstr
 *(.stab.exclstr)

.stab.index
 *(.stab.index)

.stab.indexstr
 *(.stab.indexstr)

.comment
 *(.comment)

.debug
 *(.debug)

.line
 *(.line)

.debug_srcinfo
 *(.debug_srcinfo)

.debug_sfnames
 *(.debug_sfnames)

.debug_aranges
 *(.debug_aranges)

.debug_pubnames
 *(.debug_pubnames)

.debug_info
 *(.debug_info)
 *(.gnu.linkonce.wi.*)

.debug_abbrev
 *(.debug_abbrev)

.debug_line
 *(.debug_line)

.debug_frame
 *(.debug_frame)

.debug_str
 *(.debug_str)

.debug_loc
 *(.debug_loc)

.debug_macinfo
 *(.debug_macinfo)
OUTPUT(FreeRTOS_SprintsChallenges_Sprint3_UserStory1.elf elf32-avr)
LOAD linker stubs
